[androthemes.com/themes/html/miranda/index.html]
[backblue.gif]
[fade.gif]
[index.html]
[androthemes.com/themes/html/miranda/assets/img/favicon.ico]
[androthemes.com/themes/html/miranda/index-2.html]
[androthemes.com/themes/html/miranda/index-3.html]
[androthemes.com/themes/html/miranda/room-grid.html]
[androthemes.com/themes/html/miranda/room-list.html]
[androthemes.com/themes/html/miranda/room-details.html]
[androthemes.com/themes/html/miranda/news.html]
[androthemes.com/themes/html/miranda/news-details.html]
[androthemes.com/themes/html/miranda/contact.html]
[androthemes.com/themes/html/miranda/assets/img/logo.png]
[androthemes.com/themes/html/miranda/about.html]
[androthemes.com/themes/html/miranda/menu.html]
[androthemes.com/themes/html/miranda/restaurant.html]
[androthemes.com/themes/html/miranda/places.html]
[androthemes.com/themes/html/miranda/places-details.html]
[androthemes.com/themes/html/miranda/offers.html]
[androthemes.com/themes/html/miranda/gallery.html]
[androthemes.com/themes/html/miranda/search-result.html]
[androthemes.com/themes/html/miranda/booking.html]
[androthemes.com/themes/html/miranda/assets/img/banner/01.jpg]
[androthemes.com/themes/html/miranda/assets/img/banner/02.jpg]
[androthemes.com/themes/html/miranda/assets/img/bg/01.jpg]
[androthemes.com/themes/html/miranda/assets/img/room-type/04.jpg]
[androthemes.com/themes/html/miranda/assets/img/room-type/01.jpg]
[androthemes.com/themes/html/miranda/assets/img/room-type/02.jpg]
[androthemes.com/themes/html/miranda/assets/img/room-type/03.jpg]
[androthemes.com/themes/html/miranda/assets/img/room-slider/01.jpg]
[androthemes.com/themes/html/miranda/assets/img/room-slider/02.jpg]
[androthemes.com/themes/html/miranda/assets/img/room-slider/03.jpg]
[androthemes.com/themes/html/miranda/assets/img/room-slider/04.jpg]
[androthemes.com/themes/html/miranda/assets/img/room-slider/05.jpg]
[androthemes.com/themes/html/miranda/assets/img/bg/02.jpg]
[androthemes.com/themes/html/miranda/assets/img/text-block/01.jpg]
[androthemes.com/themes/html/miranda/assets/img/testimonial/01.png]
[androthemes.com/themes/html/miranda/assets/img/testimonial/02.png]
[androthemes.com/themes/html/miranda/assets/img/testimonial/03.png]
[androthemes.com/themes/html/miranda/assets/img/room-cta-gallery/bg.jpg]
[androthemes.com/themes/html/miranda/assets/img/room-cta-gallery/01.jpg]
[androthemes.com/themes/html/miranda/assets/img/room-cta-gallery/02.jpg]
[androthemes.com/themes/html/miranda/assets/img/room-cta-gallery/03.jpg]
[androthemes.com/themes/html/miranda/assets/img/latest-post/01.jpg]
[androthemes.com/themes/html/miranda/assets/img/latest-post/02.jpg]
[androthemes.com/themes/html/miranda/assets/img/latest-post/03.jpg]
[androthemes.com/themes/html/miranda/assets/img/logo-2.png]
[androthemes.com/themes/html/miranda/assets/js/vendor/modernizr-3.6.0.min.js]
[androthemes.com/themes/html/miranda/assets/js/vendor/jquery-1.12.4.min.js]
[androthemes.com/themes/html/miranda/assets/js/bootstrap.min.js]
[androthemes.com/themes/html/miranda/assets/js/popper.min.js]
[androthemes.com/themes/html/miranda/assets/js/slick.min.js]
[androthemes.com/themes/html/miranda/assets/js/isotope.pkgd.min.js]
[androthemes.com/themes/html/miranda/assets/js/jquery.magnific-popup.min.js]
[androthemes.com/themes/html/miranda/assets/js/jquery.inview.min.js]
[androthemes.com/themes/html/miranda/assets/js/jquery.countTo.js]
[androthemes.com/themes/html/miranda/assets/js/jquery.nice-select.min.js]
[androthemes.com/themes/html/miranda/assets/js/bootstrap-datepicker.js]
[androthemes.com/themes/html/miranda/assets/js/wow.min.js]
[androthemes.com/themes/html/miranda/assets/js/map.js]
[androthemes.com/themes/html/miranda/assets/js/main.js]
[androthemes.com/themes/html/miranda/index.html]
[androthemes.com/themes/html/miranda/assets/css/animate.min.css]
[androthemes.com/themes/html/miranda/assets/css/bootstrap.min.css]
[androthemes.com/themes/html/miranda/assets/fonts/fa-brands-400.eot]
[androthemes.com/themes/html/miranda/assets/fonts/fa-brands-400d41d.eot]
[androthemes.com/themes/html/miranda/assets/fonts/fa-brands-400.woff2]
[androthemes.com/themes/html/miranda/assets/fonts/fa-brands-400.woff]
[androthemes.com/themes/html/miranda/assets/fonts/fa-brands-400.ttf]
[androthemes.com/themes/html/miranda/assets/fonts/fa-light-300.eot]
[androthemes.com/themes/html/miranda/assets/fonts/fa-light-300d41d.eot]
[androthemes.com/themes/html/miranda/assets/fonts/fa-light-300.woff2]
[androthemes.com/themes/html/miranda/assets/fonts/fa-light-300.woff]
[androthemes.com/themes/html/miranda/assets/fonts/fa-light-300.ttf]
[androthemes.com/themes/html/miranda/assets/fonts/fa-regular-400.eot]
[androthemes.com/themes/html/miranda/assets/fonts/fa-regular-400d41d.eot]
[androthemes.com/themes/html/miranda/assets/fonts/fa-regular-400.woff2]
[androthemes.com/themes/html/miranda/assets/fonts/fa-regular-400.woff]
[androthemes.com/themes/html/miranda/assets/fonts/fa-regular-400.ttf]
[androthemes.com/themes/html/miranda/assets/fonts/fa-solid-900.eot]
[androthemes.com/themes/html/miranda/assets/fonts/fa-solid-900d41d.eot]
[androthemes.com/themes/html/miranda/assets/fonts/fa-solid-900.woff2]
[androthemes.com/themes/html/miranda/assets/fonts/fa-solid-900.woff]
[androthemes.com/themes/html/miranda/assets/fonts/fa-solid-900.ttf]
[androthemes.com/themes/html/miranda/assets/css/font-awesome.min.css]
[androthemes.com/themes/html/miranda/assets/fonts/Flaticon.eot]
[androthemes.com/themes/html/miranda/assets/fonts/Flaticond41d.eot]
[androthemes.com/themes/html/miranda/assets/fonts/Flaticon.woff2]
[androthemes.com/themes/html/miranda/assets/fonts/Flaticon.woff]
[androthemes.com/themes/html/miranda/assets/fonts/Flaticon.ttf]
[androthemes.com/themes/html/miranda/assets/css/Flaticon.64.delayed]
[androthemes.com/themes/html/miranda/assets/css/flaticon.css]
[androthemes.com/themes/html/miranda/assets/css/magnific-popup.css]
[androthemes.com/themes/html/miranda/assets/css/slick.css]
[androthemes.com/themes/html/miranda/assets/css/nice-select.css]
[androthemes.com/themes/html/miranda/assets/css/bootstrap-datepicker.css]
[androthemes.com/themes/html/miranda/assets/css/default.css]
[androthemes.com/themes/html/miranda/assets/img/icon/pattern-04.png]
[androthemes.com/themes/html/miranda/assets/img/bg/brush.png]
[androthemes.com/themes/html/miranda/assets/img/icon/pattern-03.png]
[androthemes.com/themes/html/miranda/assets/img/blog/04.jpg]
[androthemes.com/themes/html/miranda/assets/img/icon/pattern-05.png]
[androthemes.com/themes/html/miranda/assets/img/icon/quote.png]
[androthemes.com/themes/html/miranda/assets/img/blog-details/quote-icon.png]
[androthemes.com/themes/html/miranda/assets/img/icon/pattern-01.png]
[androthemes.com/themes/html/miranda/assets/img/icon/pattern-02.png]
[androthemes.com/themes/html/miranda/assets/css/style.css]
[androthemes.com/themes/html/miranda/assets/img/logo-white.png]
[androthemes.com/themes/html/miranda/assets/img/banner/04.jpg]
[androthemes.com/themes/html/miranda/assets/img/banner/05.jpg]
[androthemes.com/themes/html/miranda/assets/img/text-block/02.jpg]
[androthemes.com/themes/html/miranda/assets/img/feature/01.jpg]
[androthemes.com/themes/html/miranda/assets/img/feature/02.jpg]
[androthemes.com/themes/html/miranda/assets/img/feature/03.jpg]
[androthemes.com/themes/html/miranda/assets/img/room/01.jpg]
[androthemes.com/themes/html/miranda/assets/img/room/02.jpg]
[androthemes.com/themes/html/miranda/assets/img/room/03.jpg]
[androthemes.com/themes/html/miranda/assets/img/icon/01.png]
[androthemes.com/themes/html/miranda/assets/img/icon/02.png]
[androthemes.com/themes/html/miranda/assets/img/icon/03.png]
[androthemes.com/themes/html/miranda/assets/img/icon/04.png]
[androthemes.com/themes/html/miranda/assets/img/bg/05.jpg]
[androthemes.com/themes/html/miranda/assets/img/icon/07.png]
[androthemes.com/themes/html/miranda/assets/img/instagram/01.jpg]
[androthemes.com/themes/html/miranda/assets/img/instagram/02.jpg]
[androthemes.com/themes/html/miranda/assets/img/instagram/03.jpg]
[androthemes.com/themes/html/miranda/assets/img/instagram/04.jpg]
[androthemes.com/themes/html/miranda/assets/img/instagram/05.jpg]
[androthemes.com/themes/html/miranda/assets/img/instagram/06.jpg]
[androthemes.com/themes/html/miranda/assets/img/footer-logo.png]
[androthemes.com/themes/html/miranda/index-2.html]
[androthemes.com/themes/html/miranda/assets/img/banner/06.jpg]
[androthemes.com/themes/html/miranda/assets/img/feature/04.jpg]
[androthemes.com/themes/html/miranda/assets/img/feature/05.jpg]
[androthemes.com/themes/html/miranda/assets/img/bg/03.jpg]
[androthemes.com/themes/html/miranda/assets/img/room-slider/06.jpg]
[androthemes.com/themes/html/miranda/assets/img/room-slider/08.jpg]
[androthemes.com/themes/html/miranda/assets/img/room-slider/07.jpg]
[androthemes.com/themes/html/miranda/assets/img/text-block/03.jpg]
[androthemes.com/themes/html/miranda/assets/img/menu/01.jpg]
[androthemes.com/themes/html/miranda/assets/img/menu/02.jpg]
[androthemes.com/themes/html/miranda/assets/img/menu/03.jpg]
[androthemes.com/themes/html/miranda/assets/img/menu/06.jpg]
[androthemes.com/themes/html/miranda/assets/img/menu/07.jpg]
[androthemes.com/themes/html/miranda/assets/img/menu/08.jpg]
[androthemes.com/themes/html/miranda/assets/img/menu/04.jpg]
[androthemes.com/themes/html/miranda/assets/img/menu/05.jpg]
[androthemes.com/themes/html/miranda/assets/img/menu/09.jpg]
[androthemes.com/themes/html/miranda/assets/img/menu/10.jpg]
[androthemes.com/themes/html/miranda/assets/img/menu/menu-gallery-1.jpg]
[androthemes.com/themes/html/miranda/assets/img/menu/menu-gallery-2.jpg]
[androthemes.com/themes/html/miranda/assets/img/menu/menu-gallery-3.jpg]
[androthemes.com/themes/html/miranda/assets/img/icon/05.png]
[androthemes.com/themes/html/miranda/assets/img/icon/06.png]
[androthemes.com/themes/html/miranda/index-3.html]
[androthemes.com/themes/html/miranda/assets/img/bg/04.jpg]
[androthemes.com/themes/html/miranda/assets/img/room/04.jpg]
[androthemes.com/themes/html/miranda/assets/img/room/05.jpg]
[androthemes.com/themes/html/miranda/assets/img/room/06.jpg]
[androthemes.com/themes/html/miranda/assets/img/room/07.jpg]
[androthemes.com/themes/html/miranda/assets/img/room/08.jpg]
[androthemes.com/themes/html/miranda/assets/img/room/09.jpg]
[androthemes.com/themes/html/miranda/assets/img/room/10.jpg]
[androthemes.com/themes/html/miranda/assets/img/room/11.jpg]
[androthemes.com/themes/html/miranda/assets/img/room/12.jpg]
[androthemes.com/themes/html/miranda/room-grid.html]
[androthemes.com/themes/html/miranda/assets/img/room/list-1.jpg]
[androthemes.com/themes/html/miranda/assets/img/room/list-2.jpg]
[androthemes.com/themes/html/miranda/assets/img/room/list-3.jpg]
[androthemes.com/themes/html/miranda/assets/img/room/list-4.jpg]
[androthemes.com/themes/html/miranda/assets/img/room/list-5.jpg]
[androthemes.com/themes/html/miranda/assets/img/room/list-6.jpg]
[androthemes.com/themes/html/miranda/room-list.html]
[androthemes.com/themes/html/miranda/assets/img/room/details.jpg]
[androthemes.com/themes/html/miranda/assets/img/room/details-2.jpg]
[androthemes.com/themes/html/miranda/assets/img/room/details-3.jpg]
[androthemes.com/themes/html/miranda/assets/img/room/details-4.jpg]
[androthemes.com/themes/html/miranda/assets/img/room/details-5.jpg]
[androthemes.com/themes/html/miranda/assets/img/room/details-6.jpg]
[androthemes.com/themes/html/miranda/assets/img/room/details-7.jpg]
[androthemes.com/themes/html/miranda/assets/img/room/sm/details.jpg]
[androthemes.com/themes/html/miranda/assets/img/room/sm/details-2-sm.jpg]
[androthemes.com/themes/html/miranda/assets/img/room/sm/details-3-sm.jpg]
[androthemes.com/themes/html/miranda/assets/img/room/sm/details-4-sm.jpg]
[androthemes.com/themes/html/miranda/assets/img/room/sm/details-5-sm.jpg]
[androthemes.com/themes/html/miranda/assets/img/room/sm/details-6-sm.jpg]
[androthemes.com/themes/html/miranda/assets/img/room/sm/details-7-sm.jpg]
[androthemes.com/themes/html/miranda/assets/img/room/13.jpg]
[androthemes.com/themes/html/miranda/assets/img/room/14.jpg]
[androthemes.com/themes/html/miranda/room-details.html]
[androthemes.com/themes/html/miranda/assets/img/blog/01.jpg]
[androthemes.com/themes/html/miranda/assets/img/author-small.png]
[androthemes.com/themes/html/miranda/assets/img/blog/02.jpg]
[androthemes.com/themes/html/miranda/assets/img/blog/03.jpg]
[androthemes.com/themes/html/miranda/assets/img/blog/06.jpg]
[androthemes.com/themes/html/miranda/assets/img/author.png]
[androthemes.com/themes/html/miranda/assets/img/recent-post-wid/04.png]
[androthemes.com/themes/html/miranda/assets/img/recent-post-wid/05.png]
[androthemes.com/themes/html/miranda/assets/img/recent-post-wid/06.png]
[androthemes.com/themes/html/miranda/assets/img/instagram-wid/01.jpg]
[androthemes.com/themes/html/miranda/assets/img/instagram-wid/02.jpg]
[androthemes.com/themes/html/miranda/assets/img/instagram-wid/03.jpg]
[androthemes.com/themes/html/miranda/assets/img/instagram-wid/04.jpg]
[androthemes.com/themes/html/miranda/assets/img/instagram-wid/05.jpg]
[androthemes.com/themes/html/miranda/assets/img/instagram-wid/06.jpg]
[androthemes.com/themes/html/miranda/assets/img/instagram-wid/07.jpg]
[androthemes.com/themes/html/miranda/assets/img/instagram-wid/08.jpg]
[androthemes.com/themes/html/miranda/assets/img/instagram-wid/09.jpg]
[androthemes.com/themes/html/miranda/assets/img/banner-widget.jpg]
[androthemes.com/themes/html/miranda/news.html]
[androthemes.com/themes/html/miranda/assets/img/blog-details/01.jpg]
[androthemes.com/themes/html/miranda/assets/img/blog-details/02.jpg]
[androthemes.com/themes/html/miranda/assets/img/blog-details/icon.png]
[androthemes.com/themes/html/miranda/assets/img/blog-details/03.jpg]
[androthemes.com/themes/html/miranda/assets/img/blog-details/04.jpg]
[androthemes.com/themes/html/miranda/assets/img/blog-details/author.jpg]
[androthemes.com/themes/html/miranda/assets/img/blog-details/avatar-1.jpg]
[androthemes.com/themes/html/miranda/assets/img/blog-details/avatar-2.jpg]
[androthemes.com/themes/html/miranda/assets/img/blog-details/avatar-3.jpg]
[androthemes.com/themes/html/miranda/news-details.html]
[androthemes.com/themes/html/miranda/contact.html]
[androthemes.com/themes/html/miranda/assets/img/text-block/04.jpg]
[androthemes.com/themes/html/miranda/assets/img/text-block/05.jpg]
[androthemes.com/themes/html/miranda/assets/img/gallery/09.jpg]
[androthemes.com/themes/html/miranda/assets/img/gallery/10.jpg]
[androthemes.com/themes/html/miranda/about.html]
[androthemes.com/themes/html/miranda/menu.html]
[androthemes.com/themes/html/miranda/assets/img/restu/01.jpg]
[androthemes.com/themes/html/miranda/assets/img/restu/02.jpg]
[androthemes.com/themes/html/miranda/assets/img/restu/03.jpg]
[androthemes.com/themes/html/miranda/assets/img/restu/04.jpg]
[androthemes.com/themes/html/miranda/restaurant.html]
[androthemes.com/themes/html/miranda/assets/img/places/01.jpg]
[androthemes.com/themes/html/miranda/assets/img/places/02.jpg]
[androthemes.com/themes/html/miranda/assets/img/places/03.jpg]
[androthemes.com/themes/html/miranda/assets/img/places/04.jpg]
[androthemes.com/themes/html/miranda/assets/img/places/05.jpg]
[androthemes.com/themes/html/miranda/assets/img/places/06.jpg]
[androthemes.com/themes/html/miranda/assets/img/places/07.jpg]
[androthemes.com/themes/html/miranda/places.html]
[androthemes.com/themes/html/miranda/assets/img/places/08.jpg]
[androthemes.com/themes/html/miranda/assets/img/places/09.jpg]
[androthemes.com/themes/html/miranda/assets/img/places/10.jpg]
[androthemes.com/themes/html/miranda/places-details.html]
[androthemes.com/themes/html/miranda/assets/img/offers/01.jpg]
[androthemes.com/themes/html/miranda/assets/img/offers/02.jpg]
[androthemes.com/themes/html/miranda/assets/img/offers/03.jpg]
[androthemes.com/themes/html/miranda/assets/img/offers/04.jpg]
[androthemes.com/themes/html/miranda/assets/img/bg/06.jpg]
[androthemes.com/themes/html/miranda/offers.html]
[androthemes.com/themes/html/miranda/assets/img/gallery/01.jpg]
[androthemes.com/themes/html/miranda/assets/img/gallery/02.jpg]
[androthemes.com/themes/html/miranda/assets/img/gallery/03.jpg]
[androthemes.com/themes/html/miranda/assets/img/gallery/04.jpg]
[androthemes.com/themes/html/miranda/assets/img/gallery/05.jpg]
[androthemes.com/themes/html/miranda/assets/img/gallery/06.jpg]
[androthemes.com/themes/html/miranda/assets/img/gallery/07.jpg]
[androthemes.com/themes/html/miranda/assets/img/gallery/08.jpg]
[androthemes.com/themes/html/miranda/gallery.html]
[androthemes.com/themes/html/miranda/search-result.html]
[androthemes.com/themes/html/miranda/booking.html]
[androthemes.com/themes/html/miranda/assets/fonts/fa-brands-400.svg]
[androthemes.com/themes/html/miranda/assets/fonts/fa-light-300.svg]
[androthemes.com/themes/html/miranda/assets/fonts/fa-regular-400.svg]
[androthemes.com/themes/html/miranda/assets/fonts/fa-solid-900.svg]
[androthemes.com/themes/html/miranda/assets/fonts/Flaticon.svg]
[androthemes.com/themes/html/miranda/assets/css/Flaticon.html]
